2026-07-25 11:39:56.653 [main] INFO  - Starting PWP Core Service...
2026-07-25 11:39:56.661 [main] WARN  - Could not load config file '>', using defaults
2026-07-25 11:39:56.827 [main] INFO  - Version: dev (commit unknown)
2026-07-25 11:39:56.840 [main] INFO  - PWP-Core-Pool - Starting...
2026-07-25 11:39:57.135 [main] INFO  - PWP-Core-Pool - Added connection com.mysql.cj.jdbc.ConnectionImpl@3214ee6
2026-07-25 11:39:57.137 [main] INFO  - PWP-Core-Pool - Start completed.
2026-07-25 11:39:57.138 [main] INFO  - Database pool initialized: 127.0.0.1:3306/pwp_core
2026-07-25 11:39:57.154 [main] INFO  - Database tables verified
2026-07-25 11:39:57.371 [main] INFO  - Cleaned up 16 expired auth tokens
2026-07-25 11:39:57.667 [main] INFO  - Starting Javalin ...
2026-07-25 11:39:57.670 [main] INFO  - jetty-11.0.24; built: 2024-08-26T18:11:22.448Z; git: 5dfc59a691b748796f922208956bd1f2794bcd16; jvm 17.0.19+10
2026-07-25 11:39:57.725 [main] INFO  - Session workerName=node0
2026-07-25 11:39:57.737 [main] INFO  - Started o.e.j.s.ServletContextHandler@2e5c7f0b{/,null,AVAILABLE}
2026-07-25 11:39:57.785 [main] INFO  - Started ServerConnector@28d6290{HTTP/1.1, (http/1.1)}{0.0.0.0:8080}
2026-07-25 11:39:57.796 [main] INFO  - Started Server@631e06ab{STARTING}[11.0.24,sto=0] @1535ms
2026-07-25 11:39:57.797 [main] INFO  - Javalin started in 227ms \o/
2026-07-25 11:39:57.800 [main] INFO  - Listening on http://localhost:8080/
2026-07-25 11:39:57.812 [main] INFO  - You are running Javalin 6.4.0 (released December 17, 2024. Your Javalin version is 584 days old. Consider checking for a newer version.).
2026-07-25 11:39:57.812 [main] INFO  - PWP Core Service running on port 8080
2026-07-25 12:35:46.098 [main] INFO  - Starting PWP Core Service...
2026-07-25 12:35:46.101 [main] WARN  - Could not load config file '>', using defaults
2026-07-25 12:35:46.248 [main] INFO  - Version: dev (commit unknown)
2026-07-25 12:35:46.259 [main] INFO  - PWP-Core-Pool - Starting...
2026-07-25 12:35:46.535 [main] INFO  - PWP-Core-Pool - Added connection com.mysql.cj.jdbc.ConnectionImpl@1a5b6f42
2026-07-25 12:35:46.538 [main] INFO  - PWP-Core-Pool - Start completed.
2026-07-25 12:35:46.538 [main] INFO  - Database pool initialized: 127.0.0.1:3306/pwp_core
2026-07-25 12:35:46.550 [main] INFO  - Database tables verified
2026-07-25 12:35:47.013 [main] INFO  - Starting Javalin ...
2026-07-25 12:35:47.015 [main] INFO  - jetty-11.0.24; built: 2024-08-26T18:11:22.448Z; git: 5dfc59a691b748796f922208956bd1f2794bcd16; jvm 17.0.19+10
2026-07-25 12:35:47.055 [main] INFO  - Session workerName=node0
2026-07-25 12:35:47.065 [main] INFO  - Started o.e.j.s.ServletContextHandler@7e70bd39{/,null,AVAILABLE}
2026-07-25 12:35:47.112 [main] INFO  - Started ServerConnector@3f1c5af9{HTTP/1.1, (http/1.1)}{0.0.0.0:8080}
2026-07-25 12:35:47.123 [main] INFO  - Started Server@72a85671{STARTING}[11.0.24,sto=0] @1394ms
2026-07-25 12:35:47.124 [main] INFO  - Javalin started in 173ms \o/
2026-07-25 12:35:47.128 [main] INFO  - Listening on http://localhost:8080/
2026-07-25 12:35:47.146 [main] INFO  - You are running Javalin 6.4.0 (released December 17, 2024. Your Javalin version is 584 days old. Consider checking for a newer version.).
2026-07-25 12:35:47.146 [main] INFO  - PWP Core Service running on port 8080
2026-07-25 14:21:03.404 [main] INFO  - Starting PWP Core Service...
2026-07-25 14:21:03.407 [main] WARN  - Could not load config file '>', using defaults
2026-07-25 14:21:03.565 [main] INFO  - Version: dev (commit unknown)
2026-07-25 14:21:03.575 [main] INFO  - PWP-Core-Pool - Starting...
2026-07-25 14:21:03.845 [main] INFO  - PWP-Core-Pool - Added connection com.mysql.cj.jdbc.ConnectionImpl@1a5b6f42
2026-07-25 14:21:03.847 [main] INFO  - PWP-Core-Pool - Start completed.
2026-07-25 14:21:03.848 [main] INFO  - Database pool initialized: 127.0.0.1:3306/pwp_core
2026-07-25 14:21:03.859 [main] INFO  - Database tables verified
2026-07-25 14:21:04.309 [main] INFO  - Starting Javalin ...
2026-07-25 14:21:04.312 [main] INFO  - jetty-11.0.24; built: 2024-08-26T18:11:22.448Z; git: 5dfc59a691b748796f922208956bd1f2794bcd16; jvm 17.0.19+10
2026-07-25 14:21:04.355 [main] INFO  - Session workerName=node0
2026-07-25 14:21:04.366 [main] INFO  - Started o.e.j.s.ServletContextHandler@7e70bd39{/,null,AVAILABLE}
2026-07-25 14:21:04.414 [main] INFO  - Started ServerConnector@3f1c5af9{HTTP/1.1, (http/1.1)}{0.0.0.0:8080}
2026-07-25 14:21:04.425 [main] INFO  - Started Server@72a85671{STARTING}[11.0.24,sto=0] @1400ms
2026-07-25 14:21:04.426 [main] INFO  - Javalin started in 183ms \o/
2026-07-25 14:21:04.430 [main] INFO  - Listening on http://localhost:8080/
2026-07-25 14:21:04.448 [main] INFO  - You are running Javalin 6.4.0 (released December 17, 2024. Your Javalin version is 584 days old. Consider checking for a newer version.).
2026-07-25 14:21:04.449 [main] INFO  - PWP Core Service running on port 8080
2026-07-25 14:40:35.755 [main] INFO  - Starting PWP Core Service...
2026-07-25 14:40:35.759 [main] WARN  - Could not load config file '>', using defaults
2026-07-25 14:40:35.921 [main] INFO  - Version: dev (commit unknown)
2026-07-25 14:40:35.933 [main] INFO  - PWP-Core-Pool - Starting...
2026-07-25 14:40:36.224 [main] INFO  - PWP-Core-Pool - Added connection com.mysql.cj.jdbc.ConnectionImpl@5038d0b5
2026-07-25 14:40:36.227 [main] INFO  - PWP-Core-Pool - Start completed.
2026-07-25 14:40:36.227 [main] INFO  - Database pool initialized: 127.0.0.1:3306/pwp_core
2026-07-25 14:40:36.245 [main] INFO  - Database tables verified
2026-07-25 14:40:36.682 [main] INFO  - Starting Javalin ...
2026-07-25 14:40:36.684 [main] INFO  - jetty-11.0.24; built: 2024-08-26T18:11:22.448Z; git: 5dfc59a691b748796f922208956bd1f2794bcd16; jvm 17.0.19+10
2026-07-25 14:40:36.725 [main] INFO  - Session workerName=node0
2026-07-25 14:40:36.736 [main] INFO  - Started o.e.j.s.ServletContextHandler@e6516e{/,null,AVAILABLE}
2026-07-25 14:40:36.786 [main] INFO  - Started ServerConnector@1c55f277{HTTP/1.1, (http/1.1)}{0.0.0.0:8080}
2026-07-25 14:40:36.796 [main] INFO  - Started Server@6722db6e{STARTING}[11.0.24,sto=0] @1432ms
2026-07-25 14:40:36.797 [main] INFO  - Javalin started in 178ms \o/
2026-07-25 14:40:36.802 [main] INFO  - Listening on http://localhost:8080/
2026-07-25 14:40:36.815 [main] INFO  - You are running Javalin 6.4.0 (released December 17, 2024. Your Javalin version is 584 days old. Consider checking for a newer version.).
2026-07-25 14:40:36.815 [main] INFO  - PWP Core Service running on port 8080
2026-07-25 15:06:12.405 [main] INFO  - Starting PWP Core Service...
2026-07-25 15:06:12.409 [main] WARN  - Could not load config file '>', using defaults
2026-07-25 15:06:12.562 [main] INFO  - Version: dev (commit unknown)
2026-07-25 15:06:12.573 [main] INFO  - PWP-Core-Pool - Starting...
2026-07-25 15:06:12.837 [main] INFO  - PWP-Core-Pool - Added connection com.mysql.cj.jdbc.ConnectionImpl@7f2cfe3f
2026-07-25 15:06:12.839 [main] INFO  - PWP-Core-Pool - Start completed.
2026-07-25 15:06:12.840 [main] INFO  - Database pool initialized: 127.0.0.1:3306/pwp_core
2026-07-25 15:06:12.851 [main] INFO  - Database tables verified
2026-07-25 15:06:13.272 [main] INFO  - Starting Javalin ...
2026-07-25 15:06:13.274 [main] INFO  - jetty-11.0.24; built: 2024-08-26T18:11:22.448Z; git: 5dfc59a691b748796f922208956bd1f2794bcd16; jvm 17.0.19+10
2026-07-25 15:06:13.317 [main] INFO  - Session workerName=node0
2026-07-25 15:06:13.328 [main] INFO  - Started o.e.j.s.ServletContextHandler@7e70bd39{/,null,AVAILABLE}
2026-07-25 15:06:13.377 [main] INFO  - Started ServerConnector@3f1c5af9{HTTP/1.1, (http/1.1)}{0.0.0.0:8080}
2026-07-25 15:06:13.389 [main] INFO  - Started Server@72a85671{STARTING}[11.0.24,sto=0] @1394ms
2026-07-25 15:06:13.390 [main] INFO  - Javalin started in 182ms \o/
2026-07-25 15:06:13.394 [main] INFO  - Listening on http://localhost:8080/
2026-07-25 15:06:13.406 [main] INFO  - You are running Javalin 6.4.0 (released December 17, 2024. Your Javalin version is 584 days old. Consider checking for a newer version.).
2026-07-25 15:06:13.406 [main] INFO  - PWP Core Service running on port 8080
2026-07-25 18:38:09.055 [main] INFO  - Starting PWP Core Service...
2026-07-25 18:38:09.058 [main] WARN  - Could not load config file '>', using defaults
2026-07-25 18:38:09.211 [main] INFO  - Version: dev (commit unknown)
2026-07-25 18:38:09.223 [main] INFO  - PWP-Core-Pool - Starting...
2026-07-25 18:38:09.499 [main] INFO  - PWP-Core-Pool - Added connection com.mysql.cj.jdbc.ConnectionImpl@5038d0b5
2026-07-25 18:38:09.501 [main] INFO  - PWP-Core-Pool - Start completed.
2026-07-25 18:38:09.501 [main] INFO  - Database pool initialized: 127.0.0.1:3306/pwp_core
2026-07-25 18:38:09.515 [main] INFO  - Database tables verified
2026-07-25 18:38:09.725 [main] INFO  - Cleaned up 10 expired auth tokens
2026-07-25 18:38:09.957 [main] INFO  - Starting Javalin ...
2026-07-25 18:38:09.960 [main] INFO  - jetty-11.0.24; built: 2024-08-26T18:11:22.448Z; git: 5dfc59a691b748796f922208956bd1f2794bcd16; jvm 17.0.19+10
2026-07-25 18:38:10.003 [main] INFO  - Session workerName=node0
2026-07-25 18:38:10.014 [main] INFO  - Started o.e.j.s.ServletContextHandler@e6516e{/,null,AVAILABLE}
2026-07-25 18:38:10.065 [main] INFO  - Started ServerConnector@1c55f277{HTTP/1.1, (http/1.1)}{0.0.0.0:8080}
2026-07-25 18:38:10.075 [main] INFO  - Started Server@6722db6e{STARTING}[11.0.24,sto=0] @1399ms
2026-07-25 18:38:10.076 [main] INFO  - Javalin started in 186ms \o/
2026-07-25 18:38:10.080 [main] INFO  - Listening on http://localhost:8080/
2026-07-25 18:38:10.094 [main] INFO  - You are running Javalin 6.4.0 (released December 17, 2024. Your Javalin version is 584 days old. Consider checking for a newer version.).
2026-07-25 18:38:10.095 [main] INFO  - PWP Core Service running on port 8080
2026-07-25 21:27:20.239 [main] INFO  - Starting PWP Core Service...
2026-07-25 21:27:20.243 [main] WARN  - Could not load config file '>', using defaults
2026-07-25 21:27:20.425 [main] INFO  - Version: dev (commit unknown)
2026-07-25 21:27:20.441 [main] INFO  - PWP-Core-Pool - Starting...
2026-07-25 21:27:20.766 [main] INFO  - PWP-Core-Pool - Added connection com.mysql.cj.jdbc.ConnectionImpl@5038d0b5
2026-07-25 21:27:20.768 [main] INFO  - PWP-Core-Pool - Start completed.
2026-07-25 21:27:20.768 [main] INFO  - Database pool initialized: 127.0.0.1:3306/pwp_core
2026-07-25 21:27:20.780 [main] INFO  - Database tables verified
2026-07-25 21:27:21.022 [main] INFO  - Cleaned up 2 expired auth tokens
2026-07-25 21:27:21.368 [main] INFO  - Starting Javalin ...
2026-07-25 21:27:21.372 [main] INFO  - jetty-11.0.24; built: 2024-08-26T18:11:22.448Z; git: 5dfc59a691b748796f922208956bd1f2794bcd16; jvm 17.0.19+10
2026-07-25 21:27:21.433 [main] INFO  - Session workerName=node0
2026-07-25 21:27:21.448 [main] INFO  - Started o.e.j.s.ServletContextHandler@e6516e{/,null,AVAILABLE}
2026-07-25 21:27:21.504 [main] INFO  - Started ServerConnector@1c55f277{HTTP/1.1, (http/1.1)}{0.0.0.0:8080}
2026-07-25 21:27:21.515 [main] INFO  - Started Server@6722db6e{STARTING}[11.0.24,sto=0] @1741ms
2026-07-25 21:27:21.516 [main] INFO  - Javalin started in 263ms \o/
2026-07-25 21:27:21.521 [main] INFO  - Listening on http://localhost:8080/
2026-07-25 21:27:21.540 [main] INFO  - You are running Javalin 6.4.0 (released December 17, 2024. Your Javalin version is 584 days old. Consider checking for a newer version.).
2026-07-25 21:27:21.541 [main] INFO  - PWP Core Service running on port 8080
2026-07-25 23:30:30.034 [main] INFO  - Starting PWP Core Service...
2026-07-25 23:30:30.042 [main] WARN  - Could not load config file '>', using defaults
2026-07-25 23:30:30.417 [main] INFO  - Version: dev (commit unknown)
2026-07-25 23:30:30.440 [main] INFO  - PWP-Core-Pool - Starting...
2026-07-25 23:30:31.071 [main] INFO  - PWP-Core-Pool - Added connection com.mysql.cj.jdbc.ConnectionImpl@5038d0b5
2026-07-25 23:30:31.075 [main] INFO  - PWP-Core-Pool - Start completed.
2026-07-25 23:30:31.075 [main] INFO  - Database pool initialized: 127.0.0.1:3306/pwp_core
2026-07-25 23:30:31.099 [main] INFO  - Database tables verified
2026-07-25 23:30:31.975 [main] INFO  - Starting Javalin ...
2026-07-25 23:30:31.981 [main] INFO  - jetty-11.0.24; built: 2024-08-26T18:11:22.448Z; git: 5dfc59a691b748796f922208956bd1f2794bcd16; jvm 17.0.19+10
2026-07-25 23:30:32.095 [main] INFO  - Session workerName=node0
2026-07-25 23:30:32.119 [main] INFO  - Started o.e.j.s.ServletContextHandler@e6516e{/,null,AVAILABLE}
2026-07-25 23:30:32.250 [main] INFO  - Started ServerConnector@1c55f277{HTTP/1.1, (http/1.1)}{0.0.0.0:8080}
2026-07-25 23:30:32.279 [main] INFO  - Started Server@6722db6e{STARTING}[11.0.24,sto=0] @3232ms
2026-07-25 23:30:32.281 [main] INFO  - Javalin started in 465ms \o/
2026-07-25 23:30:32.289 [main] INFO  - Listening on http://localhost:8080/
2026-07-25 23:30:32.318 [main] INFO  - You are running Javalin 6.4.0 (released December 17, 2024. Your Javalin version is 585 days old. Consider checking for a newer version.).
2026-07-25 23:30:32.319 [main] INFO  - PWP Core Service running on port 8080
2026-07-25 23:51:09.190 [main] INFO  - Starting PWP Core Service...
2026-07-25 23:51:09.194 [main] WARN  - Could not load config file '>', using defaults
2026-07-25 23:51:09.363 [main] INFO  - Version: dev (commit unknown)
2026-07-25 23:51:09.379 [main] INFO  - PWP-Core-Pool - Starting...
2026-07-25 23:51:09.667 [main] INFO  - PWP-Core-Pool - Added connection com.mysql.cj.jdbc.ConnectionImpl@5038d0b5
2026-07-25 23:51:09.668 [main] INFO  - PWP-Core-Pool - Start completed.
2026-07-25 23:51:09.669 [main] INFO  - Database pool initialized: 127.0.0.1:3306/pwp_core
2026-07-25 23:51:09.679 [main] INFO  - Database tables verified
2026-07-25 23:51:10.191 [main] INFO  - Starting Javalin ...
2026-07-25 23:51:10.196 [main] INFO  - jetty-11.0.24; built: 2024-08-26T18:11:22.448Z; git: 5dfc59a691b748796f922208956bd1f2794bcd16; jvm 17.0.19+10
2026-07-25 23:51:10.251 [main] INFO  - Session workerName=node0
2026-07-25 23:51:10.264 [main] INFO  - Started o.e.j.s.ServletContextHandler@e6516e{/,null,AVAILABLE}
2026-07-25 23:51:10.312 [main] INFO  - Started ServerConnector@1c55f277{HTTP/1.1, (http/1.1)}{0.0.0.0:8080}
2026-07-25 23:51:10.321 [main] INFO  - Started Server@6722db6e{STARTING}[11.0.24,sto=0] @1564ms
2026-07-25 23:51:10.322 [main] INFO  - Javalin started in 233ms \o/
2026-07-25 23:51:10.325 [main] INFO  - Listening on http://localhost:8080/
2026-07-25 23:51:10.335 [main] INFO  - You are running Javalin 6.4.0 (released December 17, 2024. Your Javalin version is 585 days old. Consider checking for a newer version.).
2026-07-25 23:51:10.335 [main] INFO  - PWP Core Service running on port 8080
