2026-07-29 08:47:14.502 [main] INFO  - Starting PWP Core Service...
2026-07-29 08:47:14.512 [main] WARN  - Could not load config file '>', using defaults
2026-07-29 08:47:14.696 [main] INFO  - Version: dev (commit unknown)
2026-07-29 08:47:14.709 [main] INFO  - PWP-Core-Pool - Starting...
2026-07-29 08:47:15.032 [main] INFO  - PWP-Core-Pool - Added connection com.mysql.cj.jdbc.ConnectionImpl@7d9f158f
2026-07-29 08:47:15.035 [main] INFO  - PWP-Core-Pool - Start completed.
2026-07-29 08:47:15.035 [main] INFO  - Database pool initialized: 127.0.0.1:3306/pwp_core
2026-07-29 08:47:15.047 [main] INFO  - Database tables verified
2026-07-29 08:47:15.554 [main] INFO  - Starting Javalin ...
2026-07-29 08:47:15.557 [main] INFO  - jetty-11.0.24; built: 2024-08-26T18:11:22.448Z; git: 5dfc59a691b748796f922208956bd1f2794bcd16; jvm 17.0.19+10
2026-07-29 08:47:15.604 [main] INFO  - Session workerName=node0
2026-07-29 08:47:15.616 [main] INFO  - Started o.e.j.s.ServletContextHandler@6691490c{/,null,AVAILABLE}
2026-07-29 08:47:15.671 [main] INFO  - Started ServerConnector@1de5f0ef{HTTP/1.1, (http/1.1)}{0.0.0.0:8080}
2026-07-29 08:47:15.681 [main] INFO  - Started Server@5049d8b2{STARTING}[11.0.24,sto=0] @1600ms
2026-07-29 08:47:15.682 [main] INFO  - Javalin started in 199ms \o/
2026-07-29 08:47:15.686 [main] INFO  - Listening on http://localhost:8080/
2026-07-29 08:47:15.699 [main] INFO  - You are running Javalin 6.4.0 (released December 17, 2024. Your Javalin version is 588 days old. Consider checking for a newer version.).
2026-07-29 08:47:15.699 [main] INFO  - PWP Core Service running on port 8080
2026-07-29 09:33:45.547 [main] INFO  - Starting PWP Core Service...
2026-07-29 09:33:45.551 [main] WARN  - Could not load config file '>', using defaults
2026-07-29 09:33:45.713 [main] INFO  - Version: dev (commit unknown)
2026-07-29 09:33:45.726 [main] INFO  - PWP-Core-Pool - Starting...
2026-07-29 09:33:46.056 [main] INFO  - PWP-Core-Pool - Added connection com.mysql.cj.jdbc.ConnectionImpl@50f6ac94
2026-07-29 09:33:46.059 [main] INFO  - PWP-Core-Pool - Start completed.
2026-07-29 09:33:46.060 [main] INFO  - Database pool initialized: 127.0.0.1:3306/pwp_core
2026-07-29 09:33:46.076 [main] INFO  - Database tables verified
2026-07-29 09:33:46.643 [main] INFO  - Starting Javalin ...
2026-07-29 09:33:46.647 [main] INFO  - jetty-11.0.24; built: 2024-08-26T18:11:22.448Z; git: 5dfc59a691b748796f922208956bd1f2794bcd16; jvm 17.0.19+10
2026-07-29 09:33:46.704 [main] INFO  - Session workerName=node0
2026-07-29 09:33:46.716 [main] INFO  - Started o.e.j.s.ServletContextHandler@2f4854d6{/,null,AVAILABLE}
2026-07-29 09:33:46.772 [main] INFO  - Started ServerConnector@292d1c71{HTTP/1.1, (http/1.1)}{0.0.0.0:8080}
2026-07-29 09:33:46.784 [main] INFO  - Started Server@24fb6a80{STARTING}[11.0.24,sto=0] @1675ms
2026-07-29 09:33:46.786 [main] INFO  - Javalin started in 256ms \o/
2026-07-29 09:33:46.789 [main] INFO  - Listening on http://localhost:8080/
2026-07-29 09:33:46.803 [main] INFO  - You are running Javalin 6.4.0 (released December 17, 2024. Your Javalin version is 588 days old. Consider checking for a newer version.).
2026-07-29 09:33:46.803 [main] INFO  - PWP Core Service running on port 8080
2026-07-29 10:00:15.092 [main] INFO  - Starting PWP Core Service...
2026-07-29 10:00:15.095 [main] WARN  - Could not load config file '>', using defaults
2026-07-29 10:00:15.279 [main] INFO  - Version: dev (commit unknown)
2026-07-29 10:00:15.292 [main] INFO  - PWP-Core-Pool - Starting...
2026-07-29 10:00:15.602 [main] INFO  - PWP-Core-Pool - Added connection com.mysql.cj.jdbc.ConnectionImpl@6cc4cdb9
2026-07-29 10:00:15.605 [main] INFO  - PWP-Core-Pool - Start completed.
2026-07-29 10:00:15.606 [main] INFO  - Database pool initialized: 127.0.0.1:3306/pwp_core
2026-07-29 10:00:15.619 [main] INFO  - Database tables verified
2026-07-29 10:00:16.194 [main] INFO  - Starting Javalin ...
2026-07-29 10:00:16.198 [main] INFO  - jetty-11.0.24; built: 2024-08-26T18:11:22.448Z; git: 5dfc59a691b748796f922208956bd1f2794bcd16; jvm 17.0.19+10
2026-07-29 10:00:16.252 [main] INFO  - Session workerName=node0
2026-07-29 10:00:16.264 [main] INFO  - Started o.e.j.s.ServletContextHandler@61d9efe0{/,null,AVAILABLE}
2026-07-29 10:00:16.323 [main] INFO  - Started ServerConnector@2b491fee{HTTP/1.1, (http/1.1)}{0.0.0.0:8080}
2026-07-29 10:00:16.335 [main] INFO  - Started Server@48c35007{STARTING}[11.0.24,sto=0] @1633ms
2026-07-29 10:00:16.336 [main] INFO  - Javalin started in 217ms \o/
2026-07-29 10:00:16.340 [main] INFO  - Listening on http://localhost:8080/
2026-07-29 10:00:16.353 [main] INFO  - You are running Javalin 6.4.0 (released December 17, 2024. Your Javalin version is 588 days old. Consider checking for a newer version.).
2026-07-29 10:00:16.354 [main] INFO  - PWP Core Service running on port 8080
2026-07-29 10:20:18.182 [main] INFO  - Starting PWP Core Service...
2026-07-29 10:20:18.188 [main] WARN  - Could not load config file '>', using defaults
2026-07-29 10:20:18.443 [main] INFO  - Version: dev (commit unknown)
2026-07-29 10:20:18.462 [main] INFO  - PWP-Core-Pool - Starting...
2026-07-29 10:20:18.832 [main] INFO  - PWP-Core-Pool - Added connection com.mysql.cj.jdbc.ConnectionImpl@6cc4cdb9
2026-07-29 10:20:18.834 [main] INFO  - PWP-Core-Pool - Start completed.
2026-07-29 10:20:18.836 [main] INFO  - Database pool initialized: 127.0.0.1:3306/pwp_core
2026-07-29 10:20:18.851 [main] INFO  - Database tables verified
2026-07-29 10:20:19.424 [main] INFO  - Starting Javalin ...
2026-07-29 10:20:19.428 [main] INFO  - jetty-11.0.24; built: 2024-08-26T18:11:22.448Z; git: 5dfc59a691b748796f922208956bd1f2794bcd16; jvm 17.0.19+10
2026-07-29 10:20:19.482 [main] INFO  - Session workerName=node0
2026-07-29 10:20:19.497 [main] INFO  - Started o.e.j.s.ServletContextHandler@61d9efe0{/,null,AVAILABLE}
2026-07-29 10:20:19.562 [main] INFO  - Started ServerConnector@2b491fee{HTTP/1.1, (http/1.1)}{0.0.0.0:8080}
2026-07-29 10:20:19.574 [main] INFO  - Started Server@48c35007{STARTING}[11.0.24,sto=0] @1970ms
2026-07-29 10:20:19.576 [main] INFO  - Javalin started in 245ms \o/
2026-07-29 10:20:19.581 [main] INFO  - Listening on http://localhost:8080/
2026-07-29 10:20:19.598 [main] INFO  - You are running Javalin 6.4.0 (released December 17, 2024. Your Javalin version is 588 days old. Consider checking for a newer version.).
2026-07-29 10:20:19.599 [main] INFO  - PWP Core Service running on port 8080
2026-07-29 10:55:48.695 [main] INFO  - Starting PWP Core Service...
2026-07-29 10:55:48.699 [main] WARN  - Could not load config file '>', using defaults
2026-07-29 10:55:48.902 [main] INFO  - Version: dev (commit unknown)
2026-07-29 10:55:48.915 [main] INFO  - PWP-Core-Pool - Starting...
2026-07-29 10:55:49.300 [main] INFO  - PWP-Core-Pool - Added connection com.mysql.cj.jdbc.ConnectionImpl@50f6ac94
2026-07-29 10:55:49.303 [main] INFO  - PWP-Core-Pool - Start completed.
2026-07-29 10:55:49.303 [main] INFO  - Database pool initialized: 127.0.0.1:3306/pwp_core
2026-07-29 10:55:49.325 [main] INFO  - Database tables verified
2026-07-29 10:55:49.861 [main] INFO  - Starting Javalin ...
2026-07-29 10:55:49.864 [main] INFO  - jetty-11.0.24; built: 2024-08-26T18:11:22.448Z; git: 5dfc59a691b748796f922208956bd1f2794bcd16; jvm 17.0.19+10
2026-07-29 10:55:49.914 [main] INFO  - Session workerName=node0
2026-07-29 10:55:49.927 [main] INFO  - Started o.e.j.s.ServletContextHandler@2f4854d6{/,null,AVAILABLE}
2026-07-29 10:55:50.000 [main] INFO  - Started ServerConnector@292d1c71{HTTP/1.1, (http/1.1)}{0.0.0.0:8080}
2026-07-29 10:55:50.017 [main] INFO  - Started Server@24fb6a80{STARTING}[11.0.24,sto=0] @1740ms
2026-07-29 10:55:50.018 [main] INFO  - Javalin started in 234ms \o/
2026-07-29 10:55:50.023 [main] INFO  - Listening on http://localhost:8080/
2026-07-29 10:55:50.040 [main] INFO  - You are running Javalin 6.4.0 (released December 17, 2024. Your Javalin version is 588 days old. Consider checking for a newer version.).
2026-07-29 10:55:50.040 [main] INFO  - PWP Core Service running on port 8080
2026-07-29 11:44:19.181 [main] INFO  - Starting PWP Core Service...
2026-07-29 11:44:19.189 [main] WARN  - Could not load config file '>', using defaults
2026-07-29 11:44:19.562 [main] INFO  - Version: dev (commit unknown)
2026-07-29 11:44:19.580 [main] INFO  - PWP-Core-Pool - Starting...
2026-07-29 11:44:20.029 [main] INFO  - PWP-Core-Pool - Added connection com.mysql.cj.jdbc.ConnectionImpl@6cc4cdb9
2026-07-29 11:44:20.032 [main] INFO  - PWP-Core-Pool - Start completed.
2026-07-29 11:44:20.032 [main] INFO  - Database pool initialized: 127.0.0.1:3306/pwp_core
2026-07-29 11:44:20.050 [main] INFO  - Database tables verified
2026-07-29 11:44:20.317 [main] INFO  - Cleaned up 2 expired auth tokens
2026-07-29 11:44:20.752 [main] INFO  - Starting Javalin ...
2026-07-29 11:44:20.758 [main] INFO  - jetty-11.0.24; built: 2024-08-26T18:11:22.448Z; git: 5dfc59a691b748796f922208956bd1f2794bcd16; jvm 17.0.19+10
2026-07-29 11:44:20.841 [main] INFO  - Session workerName=node0
2026-07-29 11:44:20.861 [main] INFO  - Started o.e.j.s.ServletContextHandler@61d9efe0{/,null,AVAILABLE}
2026-07-29 11:44:20.940 [main] INFO  - Started ServerConnector@2b491fee{HTTP/1.1, (http/1.1)}{0.0.0.0:8080}
2026-07-29 11:44:20.963 [main] INFO  - Started Server@48c35007{STARTING}[11.0.24,sto=0] @2406ms
2026-07-29 11:44:20.965 [main] INFO  - Javalin started in 364ms \o/
2026-07-29 11:44:20.970 [main] INFO  - Listening on http://localhost:8080/
2026-07-29 11:44:20.989 [main] INFO  - You are running Javalin 6.4.0 (released December 17, 2024. Your Javalin version is 588 days old. Consider checking for a newer version.).
2026-07-29 11:44:20.990 [main] INFO  - PWP Core Service running on port 8080
2026-07-29 12:13:37.671 [main] INFO  - Starting PWP Core Service...
2026-07-29 12:13:37.674 [main] WARN  - Could not load config file '>', using defaults
2026-07-29 12:13:37.860 [main] INFO  - Version: dev (commit unknown)
2026-07-29 12:13:37.874 [main] INFO  - PWP-Core-Pool - Starting...
2026-07-29 12:13:38.192 [main] INFO  - PWP-Core-Pool - Added connection com.mysql.cj.jdbc.ConnectionImpl@e3b3b2f
2026-07-29 12:13:38.195 [main] INFO  - PWP-Core-Pool - Start completed.
2026-07-29 12:13:38.196 [main] INFO  - Database pool initialized: 127.0.0.1:3306/pwp_core
2026-07-29 12:13:38.212 [main] INFO  - Database tables verified
2026-07-29 12:13:38.728 [main] INFO  - Starting Javalin ...
2026-07-29 12:13:38.730 [main] INFO  - jetty-11.0.24; built: 2024-08-26T18:11:22.448Z; git: 5dfc59a691b748796f922208956bd1f2794bcd16; jvm 17.0.19+10
2026-07-29 12:13:38.773 [main] INFO  - Session workerName=node0
2026-07-29 12:13:38.786 [main] INFO  - Started o.e.j.s.ServletContextHandler@2f4854d6{/,null,AVAILABLE}
2026-07-29 12:13:38.841 [main] INFO  - Started ServerConnector@292d1c71{HTTP/1.1, (http/1.1)}{0.0.0.0:8080}
2026-07-29 12:13:38.854 [main] INFO  - Started Server@24fb6a80{STARTING}[11.0.24,sto=0] @1578ms
2026-07-29 12:13:38.855 [main] INFO  - Javalin started in 212ms \o/
2026-07-29 12:13:38.858 [main] INFO  - Listening on http://localhost:8080/
2026-07-29 12:13:38.873 [main] INFO  - You are running Javalin 6.4.0 (released December 17, 2024. Your Javalin version is 588 days old. Consider checking for a newer version.).
2026-07-29 12:13:38.873 [main] INFO  - PWP Core Service running on port 8080
2026-07-29 22:54:34.202 [main] INFO  - Starting PWP Core Service...
2026-07-29 22:54:34.205 [main] WARN  - Could not load config file '>', using defaults
2026-07-29 22:54:34.352 [main] INFO  - Version: dev (commit unknown)
2026-07-29 22:54:34.363 [main] INFO  - PWP-Core-Pool - Starting...
2026-07-29 22:54:34.640 [main] INFO  - PWP-Core-Pool - Added connection com.mysql.cj.jdbc.ConnectionImpl@50f6ac94
2026-07-29 22:54:34.642 [main] INFO  - PWP-Core-Pool - Start completed.
2026-07-29 22:54:34.642 [main] INFO  - Database pool initialized: 127.0.0.1:3306/pwp_core
2026-07-29 22:54:34.655 [main] INFO  - Database tables verified
2026-07-29 22:54:34.861 [main] INFO  - Cleaned up 4 expired auth tokens
2026-07-29 22:54:35.079 [main] INFO  - Starting Javalin ...
2026-07-29 22:54:35.081 [main] INFO  - jetty-11.0.24; built: 2024-08-26T18:11:22.448Z; git: 5dfc59a691b748796f922208956bd1f2794bcd16; jvm 17.0.19+10
2026-07-29 22:54:35.122 [main] INFO  - Session workerName=node0
2026-07-29 22:54:35.133 [main] INFO  - Started o.e.j.s.ServletContextHandler@2f4854d6{/,null,AVAILABLE}
2026-07-29 22:54:35.184 [main] INFO  - Started ServerConnector@292d1c71{HTTP/1.1, (http/1.1)}{0.0.0.0:8080}
2026-07-29 22:54:35.194 [main] INFO  - Started Server@24fb6a80{STARTING}[11.0.24,sto=0] @1363ms
2026-07-29 22:54:35.196 [main] INFO  - Javalin started in 179ms \o/
2026-07-29 22:54:35.199 [main] INFO  - Listening on http://localhost:8080/
2026-07-29 22:54:35.215 [main] INFO  - You are running Javalin 6.4.0 (released December 17, 2024. Your Javalin version is 589 days old. Consider checking for a newer version.).
2026-07-29 22:54:35.215 [main] INFO  - PWP Core Service running on port 8080
